▲ Next.js 16.1.6 (Turbopack)
- Local:         http://localhost:3000
- Network:       http://192.168.0.101:3000
- Environments: .env

✓ Starting...
✓ Ready in 3.5s
○ Compiling / ...
 GET / 200 in 1071ms (compile: 137ms, proxy.ts: 327ms, render: 607ms)
 GET / 200 in 349ms (compile: 17ms, proxy.ts: 20ms, render: 313ms)
 GET /api/auth/session 200 in 1959ms (compile: 1832ms, render: 127ms)
 GET /vendor 200 in 2.5s (compile: 784ms, proxy.ts: 37ms, render: 1704ms)
 GET /api/auth/session 200 in 46ms (compile: 25ms, render: 21ms)
 GET /vendor/login 200 in 871ms (compile: 586ms, proxy.ts: 23ms, render: 263ms)
 GET /vendor/login 200 in 143ms (compile: 37ms, proxy.ts: 12ms, render: 94ms)
 GET /api/auth/session 200 in 38ms (compile: 24ms, render: 15ms)
 GET /vendor 200 in 73ms (compile: 12ms, proxy.ts: 15ms, render: 46ms)
 GET /vendor/login 200 in 162ms (compile: 10ms, proxy.ts: 6ms, render: 146ms)
 GET /vendor/login 200 in 104ms (compile: 19ms, proxy.ts: 13ms, render: 72ms)
 GET /vendor/login 200 in 155ms (compile: 9ms, proxy.ts: 8ms, render: 138ms)
 GET /api/auth/session 200 in 36ms (compile: 20ms, render: 16ms)
 GET /vendor 200 in 123ms (compile: 10ms, proxy.ts: 7ms, render: 105ms)
 GET /api/auth/session 200 in 29ms (compile: 13ms, render: 16ms)
 GET /api/auth/session 200 in 17ms (compile: 4ms, render: 13ms)
 GET /vendor 200 in 244ms (compile: 12ms, proxy.ts: 14ms, render: 217ms)
 GET /api/auth/session 200 in 50ms (compile: 27ms, render: 23ms)
 GET /api/auth/session 200 in 27ms (compile: 6ms, render: 21ms)
 GET /api/auth/session 200 in 28ms (compile: 6ms, render: 22ms)
 GET /vendor 200 in 196ms (compile: 9ms, proxy.ts: 18ms, render: 169ms)
 GET / 200 in 480ms (compile: 20ms, proxy.ts: 10ms, render: 450ms)
 GET /api/auth/session 200 in 53ms (compile: 31ms, render: 22ms)
 GET /api/auth/session 200 in 24ms (compile: 5ms, render: 19ms)
 GET /vendor/reports 200 in 370ms (compile: 201ms, proxy.ts: 19ms, render: 150ms)
 GET /vendor/orders 200 in 269ms (compile: 188ms, proxy.ts: 10ms, render: 71ms)
 GET /product/premium-quality-winter-hoodie-for-mens 200 in 2.2s (compile: 1359ms, proxy.ts: 9ms, render: 794ms)
○ Compiling /category ...
 GET /category?category=profitable_product 200 in 5.9s (compile: 5.7s, proxy.ts: 7ms, render: 242ms)
 GET /dashboard/settings 200 in 437ms (compile: 331ms, proxy.ts: 8ms, render: 98ms)
 GET /dashboard 200 in 522ms (compile: 437ms, proxy.ts: 11ms, render: 73ms)
 GET /dashboard/orders 200 in 205ms (compile: 147ms, proxy.ts: 8ms, render: 50ms)
 GET /dashboard/referral-income 200 in 329ms (compile: 257ms, proxy.ts: 5ms, render: 66ms)
 GET /dashboard/order-income 200 in 248ms (compile: 168ms, proxy.ts: 6ms, render: 74ms)
 GET /dashboard 200 in 79ms (compile: 18ms, proxy.ts: 15ms, render: 45ms)
 GET /dashboard 200 in 330ms (compile: 11ms, proxy.ts: 7ms, render: 313ms)
 GET /api/auth/session 200 in 62ms (compile: 26ms, render: 37ms)
 GET /api/auth/session 200 in 27ms (compile: 11ms, render: 16ms)
 GET / 200 in 171ms (compile: 57ms, proxy.ts: 8ms, render: 106ms)
 GET /dashboard/settings 200 in 76ms (compile: 11ms, proxy.ts: 6ms, render: 59ms)
 GET /dashboard 200 in 55ms (compile: 12ms, proxy.ts: 7ms, render: 36ms)
 GET /dashboard/orders 200 in 57ms (compile: 13ms, proxy.ts: 8ms, render: 37ms)
 GET /vendor 200 in 89ms (compile: 30ms, proxy.ts: 17ms, render: 42ms)
 GET /vendor/profile 200 in 221ms (compile: 123ms, proxy.ts: 8ms, render: 90ms)
 GET /vendor 200 in 62ms (compile: 9ms, proxy.ts: 8ms, render: 45ms)
 GET /vendor/reports 200 in 80ms (compile: 18ms, proxy.ts: 7ms, render: 56ms)
 GET /vendor/orders 200 in 108ms (compile: 37ms, proxy.ts: 25ms, render: 46ms)
 GET /vendor/orders/372 200 in 990ms (compile: 857ms, proxy.ts: 12ms, render: 122ms)
 GET /vendor/shipping 200 in 258ms (compile: 159ms, proxy.ts: 9ms, render: 90ms)
 GET /vendor/products 200 in 178ms (compile: 118ms, proxy.ts: 7ms, render: 53ms)
 GET /vendor/products/new 200 in 223ms (compile: 159ms, proxy.ts: 8ms, render: 55ms)
 GET /vendor/category-discount 200 in 267ms (compile: 183ms, proxy.ts: 7ms, render: 77ms)
 GET /vendor/reviews 200 in 215ms (compile: 151ms, proxy.ts: 9ms, render: 55ms)
 GET /vendor/earnings 200 in 201ms (compile: 137ms, proxy.ts: 7ms, render: 57ms)
 GET /vendor/payouts 200 in 229ms (compile: 142ms, proxy.ts: 15ms, render: 72ms)
 GET /vendor/payout-accounts 200 in 258ms (compile: 169ms, proxy.ts: 9ms, render: 80ms)
 GET /vendor/inventory 200 in 229ms (compile: 162ms, proxy.ts: 9ms, render: 59ms)
 GET /vendor/inventory/344 200 in 927ms (compile: 842ms, proxy.ts: 16ms, render: 70ms)
 GET /vendor/products 200 in 75ms (compile: 16ms, proxy.ts: 9ms, render: 51ms)
 GET /vendor/products/345/edit 200 in 1672ms (compile: 1579ms, proxy.ts: 22ms, render: 72ms)
 GET /vendor/warehouses 200 in 200ms (compile: 112ms, proxy.ts: 6ms, render: 82ms)
 GET /vendor/products 200 in 80ms (compile: 10ms, proxy.ts: 12ms, render: 57ms)
 GET /vendor/reviews 200 in 74ms (compile: 9ms, proxy.ts: 8ms, render: 57ms)
 GET /vendor 200 in 79ms (compile: 17ms, proxy.ts: 12ms, render: 51ms)
